Requesting URL: https://www.eecg.toronto.edu/~bli/ece1724/assignments/files/lab3.html
Method: GET
Response body:
<html>
<body>
<h1>
Hello, World!
</h1>
</body>
</html>
Requesting URL: www.eecg.toronto.edu
Method: GET
Error: The URL does not have a valid base protocol.
Requesting URL: data://www.eecg.toronto.edu
Method: GET
Error: The URL does not have a valid base protocol.
Requesting URL: http//www.eecg.toronto.edu
Method: GET
Error: The URL does not have a valid base protocol.
Requesting URL: https://[...1]
Method: GET
Error: The URL contains an invalid IPv6 address.
Requesting URL: https://255.255.255.256
Method: GET
Error: The URL contains an invalid IPv4 address.
Requesting URL: http://127.0.0.1:65536
Method: GET
Error: The URL contains an invalid port number.
Requesting URL: https://example.rs
Method: GET
Error: Unable to connect to the server. Perhaps the network is offline or the server hostname cannot be resolved.
Requesting URL: https://www.eecg.toronto.edu/~bli/ece1724/assignments/files/lab4.html
Method: GET
Error: Request failed with status code: 404.
Requesting URL: https://jsonplaceholder.typicode.com/posts
Method: POST
Data: userId=1&title=Hello World
Response body (JSON with sorted keys):
{
  "id": 101,
  "title": "Hello World",
  "userId": "1"
}
Requesting URL: https://dummyjson.com/posts/add
Method: POST
JSON: {"title": "World", "userId": 5}
Response body (JSON with sorted keys):
{
  "id": 252,
  "title": "World",
  "userId": 5
}
Requesting URL: https://dummyjson.com/posts/add
Method: POST
JSON: {"title": "World"; "userId": 5}
thread 'main' panicked at src/main.rs:84:58:
Invalid JSON: Error("expected `,` or `}`", line: 1, column: 18)
note: run with `RUST_BACKTRACE=1` environment variable to display a backtrace